Copyright 1986-2018 Xilinx, Inc. All Rights Reserved.
--------------------------------------------------------------------------------------------------------------------------------------------------------------------------------------------------------
| Tool Version : Vivado v.2018.2 (win64) Build 2258646 Thu Jun 14 20:03:12 MDT 2018
| Date         : Thu Mar 19 16:36:16 2026
| Host         : DesktopAa running 64-bit major release  (build 9200)
| Command      : report_timing_summary -max_paths 10 -file Top_Student_timing_summary_routed.rpt -pb Top_Student_timing_summary_routed.pb -rpx Top_Student_timing_summary_routed.rpx -warn_on_violation
| Design       : Top_Student
| Device       : 7a35t-cpg236
| Speed File   : -1  PRODUCTION 1.22 2018-03-21
--------------------------------------------------------------------------------------------------------------------------------------------------------------------------------------------------------

Timing Summary Report

------------------------------------------------------------------------------------------------
| Timer Settings
| --------------
------------------------------------------------------------------------------------------------

  Enable Multi Corner Analysis               :  Yes
  Enable Pessimism Removal                   :  Yes
  Pessimism Removal Resolution               :  Nearest Common Node
  Enable Input Delay Default Clock           :  No
  Enable Preset / Clear Arcs                 :  No
  Disable Flight Delays                      :  No
  Ignore I/O Paths                           :  No
  Timing Early Launch at Borrowing Latches   :  false

  Corner  Analyze    Analyze    
  Name    Max Paths  Min Paths  
  ------  ---------  ---------  
  Slow    Yes        Yes        
  Fast    Yes        Yes        



check_timing report

Table of Contents
-----------------
1. checking no_clock
2. checking constant_clock
3. checking pulse_width_clock
4. checking unconstrained_internal_endpoints
5. checking no_input_delay
6. checking no_output_delay
7. checking multiple_clock
8. checking generated_clocks
9. checking loops
10. checking partial_input_delay
11. checking partial_output_delay
12. checking latch_loops

1. checking no_clock
--------------------
 There are 3 register/latch pins with no clock driven by root clock pin: clk_25MHz_inst/my_clock_reg/Q (HIGH)

 There are 115 register/latch pins with no clock driven by root clock pin: clk_6p25MHz_inst/my_clock_reg/Q (HIGH)


2. checking constant_clock
--------------------------
 There are 0 register/latch pins with constant_clock.


3. checking pulse_width_clock
-----------------------------
 There are 0 register/latch pins which need pulse_width check


4. checking unconstrained_internal_endpoints
--------------------------------------------
 There are 231 pins that are not constrained for maximum delay. (HIGH)

 There are 0 pins that are not constrained for maximum delay due to constant clock.


5. checking no_input_delay
--------------------------
 There are 0 input ports with no input delay specified.

 There are 0 input ports with no input delay but user has a false path constraint.


6. checking no_output_delay
---------------------------
 There are 6 ports with no output delay specified. (HIGH)

 There are 0 ports with no output delay but user has a false path constraint

 There are 0 ports with no output delay but with a timing clock defined on it or propagating through it


7. checking multiple_clock
--------------------------
 There are 0 register/latch pins with multiple clocks.


8. checking generated_clocks
----------------------------
 There are 0 generated clocks that are not connected to a clock source.


9. checking loops
-----------------
 There are 0 combinational loops in the design.


10. checking partial_input_delay
--------------------------------
 There are 0 input ports with partial input delay specified.


11. checking partial_output_delay
---------------------------------
 There are 0 ports with partial output delay specified.


12. checking latch_loops
------------------------
 There are 0 combinational latch loops in the design through latch input



------------------------------------------------------------------------------------------------
| Design Timing Summary
| ---------------------
------------------------------------------------------------------------------------------------

    WNS(ns)      TNS(ns)  TNS Failing Endpoints  TNS Total Endpoints      WHS(ns)      THS(ns)  THS Failing Endpoints  THS Total Endpoints     WPWS(ns)     TPWS(ns)  TPWS Failing Endpoints  TPWS Total Endpoints  
    -------      -------  ---------------------  -------------------      -------      -------  ---------------------  -------------------     --------     --------  ----------------------  --------------------  
      5.380        0.000                      0                  130        0.104        0.000                      0                  130        4.500        0.000                       0                    67  


All user specified timing constraints are met.


------------------------------------------------------------------------------------------------
| Clock Summary
| -------------
------------------------------------------------------------------------------------------------

Clock        Waveform(ns)       Period(ns)      Frequency(MHz)
-----        ------------       ----------      --------------
sys_clk_pin  {0.000 5.000}      10.000          100.000         


------------------------------------------------------------------------------------------------
| Intra Clock Table
| -----------------
------------------------------------------------------------------------------------------------

Clock             WNS(ns)      TNS(ns)  TNS Failing Endpoints  TNS Total Endpoints      WHS(ns)      THS(ns)  THS Failing Endpoints  THS Total Endpoints     WPWS(ns)     TPWS(ns)  TPWS Failing Endpoints  TPWS Total Endpoints  
-----             -------      -------  ---------------------  -------------------      -------      -------  ---------------------  -------------------     --------     --------  ----------------------  --------------------  
sys_clk_pin         5.380        0.000                      0                  130        0.104        0.000                      0                  130        4.500        0.000                       0                    67  


------------------------------------------------------------------------------------------------
| Inter Clock Table
| -----------------
------------------------------------------------------------------------------------------------

From Clock    To Clock          WNS(ns)      TNS(ns)  TNS Failing Endpoints  TNS Total Endpoints      WHS(ns)      THS(ns)  THS Failing Endpoints  THS Total Endpoints  
----------    --------          -------      -------  ---------------------  -------------------      -------      -------  ---------------------  -------------------  


------------------------------------------------------------------------------------------------
| Other Path Groups Table
| -----------------------
------------------------------------------------------------------------------------------------

Path Group    From Clock    To Clock          WNS(ns)      TNS(ns)  TNS Failing Endpoints  TNS Total Endpoints      WHS(ns)      THS(ns)  THS Failing Endpoints  THS Total Endpoints  
----------    ----------    --------          -------      -------  ---------------------  -------------------      -------      -------  ---------------------  -------------------  


------------------------------------------------------------------------------------------------
| Timing Details
| --------------
------------------------------------------------------------------------------------------------


---------------------------------------------------------------------------------------------------
From Clock:  sys_clk_pin
  To Clock:  sys_clk_pin

Setup :            0  Failing Endpoints,  Worst Slack        5.380ns,  Total Violation        0.000ns
Hold  :            0  Failing Endpoints,  Worst Slack        0.104ns,  Total Violation        0.000ns
PW    :            0  Failing Endpoints,  Worst Slack        4.500ns,  Total Violation        0.000ns
---------------------------------------------------------------------------------------------------


Max Delay Paths
--------------------------------------------------------------------------------------
Slack (MET) :             5.380ns  (required time - arrival time)
  Source:                 clk_6p25MHz_inst/count_reg[27]/C
                            (rising edge-triggered cell FDRE clocked by sys_clk_pin  {rise@0.000ns fall@5.000ns period=10.000ns})
  Destination:            clk_6p25MHz_inst/count_reg[28]/R
                            (rising edge-triggered cell FDRE clocked by sys_clk_pin  {rise@0.000ns fall@5.000ns period=10.000ns})
  Path Group:             sys_clk_pin
  Path Type:              Setup (Max at Slow Process Corner)
  Requirement:            10.000ns  (sys_clk_pin rise@10.000ns - sys_clk_pin rise@0.000ns)
  Data Path Delay:        4.025ns  (logic 0.704ns (17.491%)  route 3.321ns (82.509%))
  Logic Levels:           2  (LUT5=1 LUT6=1)
  Clock Path Skew:        -0.131ns (DCD - SCD + CPR)
    Destination Clock Delay (DCD):    4.777ns = ( 14.777 - 10.000 ) 
    Source Clock Delay      (SCD):    5.087ns
    Clock Pessimism Removal (CPR):    0.180ns
  Clock Uncertainty:      0.035ns  ((TSJ^2 + TIJ^2)^1/2 + DJ) / 2 + PE
    Total System Jitter     (TSJ):    0.071ns
    Total Input Jitter      (TIJ):    0.000ns
    Discrete Jitter          (DJ):    0.000ns
    Phase Error              (PE):    0.000ns

    Location             Delay type                Incr(ns)  Path(ns)    Netlist Resource(s)
  -------------------------------------------------------------------    -------------------
                         (clock sys_clk_pin rise edge)
                                                      0.000     0.000 r  
    W5                                                0.000     0.000 r  clk (IN)
                         net (fo=0)                   0.000     0.000    clk
    W5                   IBUF (Prop_ibuf_I_O)         1.458     1.458 r  clk_IBUF_inst/O
                         net (fo=1, routed)           1.967     3.425    clk_IBUF
    BUFGCTRL_X0Y1        BUFG (Prop_bufg_I_O)         0.096     3.521 r  clk_IBUF_BUFG_inst/O
                         net (fo=66, routed)          1.566     5.087    clk_6p25MHz_inst/clk_IBUF_BUFG
    SLICE_X33Y49         FDRE                                         r  clk_6p25MHz_inst/count_reg[27]/C
  -------------------------------------------------------------------    -------------------
    SLICE_X33Y49         FDRE (Prop_fdre_C_Q)         0.456     5.543 f  clk_6p25MHz_inst/count_reg[27]/Q
                         net (fo=2, routed)           0.981     6.524    clk_6p25MHz_inst/count_reg[27]
    SLICE_X32Y50         LUT6 (Prop_lut6_I3_O)        0.124     6.648 r  clk_6p25MHz_inst/count[0]_i_5__0/O
                         net (fo=2, routed)           1.113     7.761    clk_6p25MHz_inst/count[0]_i_5__0_n_0
    SLICE_X32Y44         LUT5 (Prop_lut5_I4_O)        0.124     7.885 r  clk_6p25MHz_inst/count[0]_i_1__0/O
                         net (fo=32, routed)          1.227     9.112    clk_6p25MHz_inst/count[0]_i_1__0_n_0
    SLICE_X33Y50         FDRE                                         r  clk_6p25MHz_inst/count_reg[28]/R
  -------------------------------------------------------------------    -------------------

                         (clock sys_clk_pin rise edge)
                                                     10.000    10.000 r  
    W5                                                0.000    10.000 r  clk (IN)
                         net (fo=0)                   0.000    10.000    clk
    W5                   IBUF (Prop_ibuf_I_O)         1.388    11.388 r  clk_IBUF_inst/O
                         net (fo=1, routed)           1.862    13.250    clk_IBUF
    BUFGCTRL_X0Y1        BUFG (Prop_bufg_I_O)         0.091    13.341 r  clk_IBUF_BUFG_inst/O
                         net (fo=66, routed)          1.436    14.777    clk_6p25MHz_inst/clk_IBUF_BUFG
    SLICE_X33Y50         FDRE                                         r  clk_6p25MHz_inst/count_reg[28]/C
                         clock pessimism              0.180    14.957    
                         clock uncertainty           -0.035    14.921    
    SLICE_X33Y50         FDRE (Setup_fdre_C_R)       -0.429    14.492    clk_6p25MHz_inst/count_reg[28]
  -------------------------------------------------------------------
                         required time                         14.492    
                         arrival time                          -9.112    
  -------------------------------------------------------------------
                         slack                                  5.380    

Slack (MET) :             5.380ns  (required time - arrival time)
  Source:                 clk_6p25MHz_inst/count_reg[27]/C
                            (rising edge-triggered cell FDRE clocked by sys_clk_pin  {rise@0.000ns fall@5.000ns period=10.000ns})
  Destination:            clk_6p25MHz_inst/count_reg[29]/R
                            (rising edge-triggered cell FDRE clocked by sys_clk_pin  {rise@0.000ns fall@5.000ns period=10.000ns})
  Path Group:             sys_clk_pin
  Path Type:              Setup (Max at Slow Process Corner)
  Requirement:            10.000ns  (sys_clk_pin rise@10.000ns - sys_clk_pin rise@0.000ns)
  Data Path Delay:        4.025ns  (logic 0.704ns (17.491%)  route 3.321ns (82.509%))
  Logic Levels:           2  (LUT5=1 LUT6=1)
  Clock Path Skew:        -0.131ns (DCD - SCD + CPR)
    Destination Clock Delay (DCD):    4.777ns = ( 14.777 - 10.000 ) 
    Source Clock Delay      (SCD):    5.087ns
    Clock Pessimism Removal (CPR):    0.180ns
  Clock Uncertainty:      0.035ns  ((TSJ^2 + TIJ^2)^1/2 + DJ) / 2 + PE
    Total System Jitter     (TSJ):    0.071ns
    Total Input Jitter      (TIJ):    0.000ns
    Discrete Jitter          (DJ):    0.000ns
    Phase Error              (PE):    0.000ns

    Location             Delay type                Incr(ns)  Path(ns)    Netlist Resource(s)
  -------------------------------------------------------------------    -------------------
                         (clock sys_clk_pin rise edge)
                                                      0.000     0.000 r  
    W5                                                0.000     0.000 r  clk (IN)
                         net (fo=0)                   0.000     0.000    clk
    W5                   IBUF (Prop_ibuf_I_O)         1.458     1.458 r  clk_IBUF_inst/O
                         net (fo=1, routed)           1.967     3.425    clk_IBUF
    BUFGCTRL_X0Y1        BUFG (Prop_bufg_I_O)         0.096     3.521 r  clk_IBUF_BUFG_inst/O
                         net (fo=66, routed)          1.566     5.087    clk_6p25MHz_inst/clk_IBUF_BUFG
    SLICE_X33Y49         FDRE                                         r  clk_6p25MHz_inst/count_reg[27]/C
  -------------------------------------------------------------------    -------------------
    SLICE_X33Y49         FDRE (Prop_fdre_C_Q)         0.456     5.543 f  clk_6p25MHz_inst/count_reg[27]/Q
                         net (fo=2, routed)           0.981     6.524    clk_6p25MHz_inst/count_reg[27]
    SLICE_X32Y50         LUT6 (Prop_lut6_I3_O)        0.124     6.648 r  clk_6p25MHz_inst/count[0]_i_5__0/O
                         net (fo=2, routed)           1.113     7.761    clk_6p25MHz_inst/count[0]_i_5__0_n_0
    SLICE_X32Y44         LUT5 (Prop_lut5_I4_O)        0.124     7.885 r  clk_6p25MHz_inst/count[0]_i_1__0/O
                         net (fo=32, routed)          1.227     9.112    clk_6p25MHz_inst/count[0]_i_1__0_n_0
    SLICE_X33Y50         FDRE                                         r  clk_6p25MHz_inst/count_reg[29]/R
  -------------------------------------------------------------------    -------------------

                         (clock sys_clk_pin rise edge)
                                                     10.000    10.000 r  
    W5                                                0.000    10.000 r  clk (IN)
                         net (fo=0)                   0.000    10.000    clk
    W5                   IBUF (Prop_ibuf_I_O)         1.388    11.388 r  clk_IBUF_inst/O
                         net (fo=1, routed)           1.862    13.250    clk_IBUF
    BUFGCTRL_X0Y1        BUFG (Prop_bufg_I_O)         0.091    13.341 r  clk_IBUF_BUFG_inst/O
                         net (fo=66, routed)          1.436    14.777    clk_6p25MHz_inst/clk_IBUF_BUFG
    SLICE_X33Y50         FDRE                                         r  clk_6p25MHz_inst/count_reg[29]/C
                         clock pessimism              0.180    14.957    
                         clock uncertainty           -0.035    14.921    
    SLICE_X33Y50         FDRE (Setup_fdre_C_R)       -0.429    14.492    clk_6p25MHz_inst/count_reg[29]
  -------------------------------------------------------------------
                         required time                         14.492    
                         arrival time                          -9.112    
  -------------------------------------------------------------------
                         slack                                  5.380    

Slack (MET) :             5.380ns  (required time - arrival time)
  Source:                 clk_6p25MHz_inst/count_reg[27]/C
                            (rising edge-triggered cell FDRE clocked by sys_clk_pin  {rise@0.000ns fall@5.000ns period=10.000ns})
  Destination:            clk_6p25MHz_inst/count_reg[30]/R
                            (rising edge-triggered cell FDRE clocked by sys_clk_pin  {rise@0.000ns fall@5.000ns period=10.000ns})
  Path Group:             sys_clk_pin
  Path Type:              Setup (Max at Slow Process Corner)
  Requirement:            10.000ns  (sys_clk_pin rise@10.000ns - sys_clk_pin rise@0.000ns)
  Data Path Delay:        4.025ns  (logic 0.704ns (17.491%)  route 3.321ns (82.509%))
  Logic Levels:           2  (LUT5=1 LUT6=1)
  Clock Path Skew:        -0.131ns (DCD - SCD + CPR)
    Destination Clock Delay (DCD):    4.777ns = ( 14.777 - 10.000 ) 
    Source Clock Delay      (SCD):    5.087ns
    Clock Pessimism Removal (CPR):    0.180ns
  Clock Uncertainty:      0.035ns  ((TSJ^2 + TIJ^2)^1/2 + DJ) / 2 + PE
    Total System Jitter     (TSJ):    0.071ns
    Total Input Jitter      (TIJ):    0.000ns
    Discrete Jitter          (DJ):    0.000ns
    Phase Error              (PE):    0.000ns

    Location             Delay type                Incr(ns)  Path(ns)    Netlist Resource(s)
  -------------------------------------------------------------------    -------------------
                         (clock sys_clk_pin rise edge)
                                                      0.000     0.000 r  
    W5                                                0.000     0.000 r  clk (IN)
                         net (fo=0)                   0.000     0.000    clk
    W5                   IBUF (Prop_ibuf_I_O)         1.458     1.458 r  clk_IBUF_inst/O
                         net (fo=1, routed)           1.967     3.425    clk_IBUF
    BUFGCTRL_X0Y1        BUFG (Prop_bufg_I_O)         0.096     3.521 r  clk_IBUF_BUFG_inst/O
                         net (fo=66, routed)          1.566     5.087    clk_6p25MHz_inst/clk_IBUF_BUFG
    SLICE_X33Y49         FDRE                                         r  clk_6p25MHz_inst/count_reg[27]/C
  -------------------------------------------------------------------    -------------------
    SLICE_X33Y49         FDRE (Prop_fdre_C_Q)         0.456     5.543 f  clk_6p25MHz_inst/count_reg[27]/Q
                         net (fo=2, routed)           0.981     6.524    clk_6p25MHz_inst/count_reg[27]
    SLICE_X32Y50         LUT6 (Prop_lut6_I3_O)        0.124     6.648 r  clk_6p25MHz_inst/count[0]_i_5__0/O
                         net (fo=2, routed)           1.113     7.761    clk_6p25MHz_inst/count[0]_i_5__0_n_0
    SLICE_X32Y44         LUT5 (Prop_lut5_I4_O)        0.124     7.885 r  clk_6p25MHz_inst/count[0]_i_1__0/O
                         net (fo=32, routed)          1.227     9.112    clk_6p25MHz_inst/count[0]_i_1__0_n_0
    SLICE_X33Y50         FDRE                                         r  clk_6p25MHz_inst/count_reg[30]/R
  -------------------------------------------------------------------    -------------------

                         (clock sys_clk_pin rise edge)
                                                     10.000    10.000 r  
    W5                                                0.000    10.000 r  clk (IN)
                         net (fo=0)                   0.000    10.000    clk
    W5                   IBUF (Prop_ibuf_I_O)         1.388    11.388 r  clk_IBUF_inst/O
                         net (fo=1, routed)           1.862    13.250    clk_IBUF
    BUFGCTRL_X0Y1        BUFG (Prop_bufg_I_O)         0.091    13.341 r  clk_IBUF_BUFG_inst/O
                         net (fo=66, routed)          1.436    14.777    clk_6p25MHz_inst/clk_IBUF_BUFG
    SLICE_X33Y50         FDRE                                         r  clk_6p25MHz_inst/count_reg[30]/C
                         clock pessimism              0.180    14.957    
                         clock uncertainty           -0.035    14.921    
    SLICE_X33Y50         FDRE (Setup_fdre_C_R)       -0.429    14.492    clk_6p25MHz_inst/count_reg[30]
  -------------------------------------------------------------------
                         required time                         14.492    
                         arrival time                          -9.112    
  -------------------------------------------------------------------
                         slack                                  5.380    

Slack (MET) :             5.380ns  (required time - arrival time)
  Source:                 clk_6p25MHz_inst/count_reg[27]/C
                            (rising edge-triggered cell FDRE clocked by sys_clk_pin  {rise@0.000ns fall@5.000ns period=10.000ns})
  Destination:            clk_6p25MHz_inst/count_reg[31]/R
                            (rising edge-triggered cell FDRE clocked by sys_clk_pin  {rise@0.000ns fall@5.000ns period=10.000ns})
  Path Group:             sys_clk_pin
  Path Type:              Setup (Max at Slow Process Corner)
  Requirement:            10.000ns  (sys_clk_pin rise@10.000ns - sys_clk_pin rise@0.000ns)
  Data Path Delay:        4.025ns  (logic 0.704ns (17.491%)  route 3.321ns (82.509%))
  Logic Levels:           2  (LUT5=1 LUT6=1)
  Clock Path Skew:        -0.131ns (DCD - SCD + CPR)
    Destination Clock Delay (DCD):    4.777ns = ( 14.777 - 10.000 ) 
    Source Clock Delay      (SCD):    5.087ns
    Clock Pessimism Removal (CPR):    0.180ns
  Clock Uncertainty:      0.035ns  ((TSJ^2 + TIJ^2)^1/2 + DJ) / 2 + PE
    Total System Jitter     (TSJ):    0.071ns
    Total Input Jitter      (TIJ):    0.000ns
    Discrete Jitter          (DJ):    0.000ns
    Phase Error              (PE):    0.000ns

    Location             Delay type                Incr(ns)  Path(ns)    Netlist Resource(s)
  -------------------------------------------------------------------    -------------------
                         (clock sys_clk_pin rise edge)
                                                      0.000     0.000 r  
    W5                                                0.000     0.000 r  clk (IN)
                         net (fo=0)                   0.000     0.000    clk
    W5                   IBUF (Prop_ibuf_I_O)         1.458     1.458 r  clk_IBUF_inst/O
                         net (fo=1, routed)           1.967     3.425    clk_IBUF
    BUFGCTRL_X0Y1        BUFG (Prop_bufg_I_O)         0.096     3.521 r  clk_IBUF_BUFG_inst/O
                         net (fo=66, routed)          1.566     5.087    clk_6p25MHz_inst/clk_IBUF_BUFG
    SLICE_X33Y49         FDRE                                         r  clk_6p25MHz_inst/count_reg[27]/C
  -------------------------------------------------------------------    -------------------
    SLICE_X33Y49         FDRE (Prop_fdre_C_Q)         0.456     5.543 f  clk_6p25MHz_inst/count_reg[27]/Q
                         net (fo=2, routed)           0.981     6.524    clk_6p25MHz_inst/count_reg[27]
    SLICE_X32Y50         LUT6 (Prop_lut6_I3_O)        0.124     6.648 r  clk_6p25MHz_inst/count[0]_i_5__0/O
                         net (fo=2, routed)           1.113     7.761    clk_6p25MHz_inst/count[0]_i_5__0_n_0
    SLICE_X32Y44         LUT5 (Prop_lut5_I4_O)        0.124     7.885 r  clk_6p25MHz_inst/count[0]_i_1__0/O
                         net (fo=32, routed)          1.227     9.112    clk_6p25MHz_inst/count[0]_i_1__0_n_0
    SLICE_X33Y50         FDRE                                         r  clk_6p25MHz_inst/count_reg[31]/R
  -------------------------------------------------------------------    -------------------

                         (clock sys_clk_pin rise edge)
                                                     10.000    10.000 r  
    W5                                                0.000    10.000 r  clk (IN)
                         net (fo=0)                   0.000    10.000    clk
    W5                   IBUF (Prop_ibuf_I_O)         1.388    11.388 r  clk_IBUF_inst/O
                         net (fo=1, routed)           1.862    13.250    clk_IBUF
    BUFGCTRL_X0Y1        BUFG (Prop_bufg_I_O)         0.091    13.341 r  clk_IBUF_BUFG_inst/O
                         net (fo=66, routed)          1.436    14.777    clk_6p25MHz_inst/clk_IBUF_BUFG
    SLICE_X33Y50         FDRE                                         r  clk_6p25MHz_inst/count_reg[31]/C
                         clock pessimism              0.180    14.957    
                         clock uncertainty           -0.035    14.921    
    SLICE_X33Y50         FDRE (Setup_fdre_C_R)       -0.429    14.492    clk_6p25MHz_inst/count_reg[31]
  -------------------------------------------------------------------
                         required time                         14.492    
                         arrival time                          -9.112    
  -------------------------------------------------------------------
                         slack                                  5.380    

Slack (MET) :             5.439ns  (required time - arrival time)
  Source:                 clk_25MHz_inst/count_reg[11]/C
                            (rising edge-triggered cell FDRE clocked by sys_clk_pin  {rise@0.000ns fall@5.000ns period=10.000ns})
  Destination:            clk_25MHz_inst/count_reg[28]/R
                            (rising edge-triggered cell FDRE clocked by sys_clk_pin  {rise@0.000ns fall@5.000ns period=10.000ns})
  Path Group:             sys_clk_pin
  Path Type:              Setup (Max at Slow Process Corner)
  Requirement:            10.000ns  (sys_clk_pin rise@10.000ns - sys_clk_pin rise@0.000ns)
  Data Path Delay:        3.980ns  (logic 0.890ns (22.363%)  route 3.090ns (77.637%))
  Logic Levels:           3  (LUT3=1 LUT5=1 LUT6=1)
  Clock Path Skew:        -0.022ns (DCD - SCD + CPR)
    Destination Clock Delay (DCD):    4.786ns = ( 14.786 - 10.000 ) 
    Source Clock Delay      (SCD):    5.083ns
    Clock Pessimism Removal (CPR):    0.275ns
  Clock Uncertainty:      0.035ns  ((TSJ^2 + TIJ^2)^1/2 + DJ) / 2 + PE
    Total System Jitter     (TSJ):    0.071ns
    Total Input Jitter      (TIJ):    0.000ns
    Discrete Jitter          (DJ):    0.000ns
    Phase Error              (PE):    0.000ns

    Location             Delay type                Incr(ns)  Path(ns)    Netlist Resource(s)
  -------------------------------------------------------------------    -------------------
                         (clock sys_clk_pin rise edge)
                                                      0.000     0.000 r  
    W5                                                0.000     0.000 r  clk (IN)
                         net (fo=0)                   0.000     0.000    clk
    W5                   IBUF (Prop_ibuf_I_O)         1.458     1.458 r  clk_IBUF_inst/O
                         net (fo=1, routed)           1.967     3.425    clk_IBUF
    BUFGCTRL_X0Y1        BUFG (Prop_bufg_I_O)         0.096     3.521 r  clk_IBUF_BUFG_inst/O
                         net (fo=66, routed)          1.562     5.083    clk_25MHz_inst/clk_IBUF_BUFG
    SLICE_X38Y38         FDRE                                         r  clk_25MHz_inst/count_reg[11]/C
  -------------------------------------------------------------------    -------------------
    SLICE_X38Y38         FDRE (Prop_fdre_C_Q)         0.518     5.601 f  clk_25MHz_inst/count_reg[11]/Q
                         net (fo=2, routed)           1.101     6.703    clk_25MHz_inst/count_reg[11]
    SLICE_X39Y38         LUT6 (Prop_lut6_I1_O)        0.124     6.827 r  clk_25MHz_inst/count[0]_i_7/O
                         net (fo=1, routed)           0.640     7.466    clk_25MHz_inst/count[0]_i_7_n_0
    SLICE_X39Y40         LUT3 (Prop_lut3_I0_O)        0.124     7.590 r  clk_25MHz_inst/count[0]_i_4/O
                         net (fo=2, routed)           0.310     7.900    clk_25MHz_inst/count[0]_i_4_n_0
    SLICE_X39Y39         LUT5 (Prop_lut5_I3_O)        0.124     8.024 r  clk_25MHz_inst/count[0]_i_1/O
                         net (fo=32, routed)          1.039     9.063    clk_25MHz_inst/clear
    SLICE_X38Y43         FDRE                                         r  clk_25MHz_inst/count_reg[28]/R
  -------------------------------------------------------------------    -------------------

                         (clock sys_clk_pin rise edge)
                                                     10.000    10.000 r  
    W5                                                0.000    10.000 r  clk (IN)
                         net (fo=0)                   0.000    10.000    clk
    W5                   IBUF (Prop_ibuf_I_O)         1.388    11.388 r  clk_IBUF_inst/O
                         net (fo=1, routed)           1.862    13.250    clk_IBUF
    BUFGCTRL_X0Y1        BUFG (Prop_bufg_I_O)         0.091    13.341 r  clk_IBUF_BUFG_inst/O
                         net (fo=66, routed)          1.445    14.786    clk_25MHz_inst/clk_IBUF_BUFG
    SLICE_X38Y43         FDRE                                         r  clk_25MHz_inst/count_reg[28]/C
                         clock pessimism              0.275    15.061    
                         clock uncertainty           -0.035    15.026    
    SLICE_X38Y43         FDRE (Setup_fdre_C_R)       -0.524    14.502    clk_25MHz_inst/count_reg[28]
  -------------------------------------------------------------------
                         required time                         14.502    
                         arrival time                          -9.063    
  -------------------------------------------------------------------
                         slack                                  5.439    

Slack (MET) :             5.439ns  (required time - arrival time)
  Source:                 clk_25MHz_inst/count_reg[11]/C
                            (rising edge-triggered cell FDRE clocked by sys_clk_pin  {rise@0.000ns fall@5.000ns period=10.000ns})
  Destination:            clk_25MHz_inst/count_reg[29]/R
                            (rising edge-triggered cell FDRE clocked by sys_clk_pin  {rise@0.000ns fall@5.000ns period=10.000ns})
  Path Group:             sys_clk_pin
  Path Type:              Setup (Max at Slow Process Corner)
  Requirement:            10.000ns  (sys_clk_pin rise@10.000ns - sys_clk_pin rise@0.000ns)
  Data Path Delay:        3.980ns  (logic 0.890ns (22.363%)  route 3.090ns (77.637%))
  Logic Levels:           3  (LUT3=1 LUT5=1 LUT6=1)
  Clock Path Skew:        -0.022ns (DCD - SCD + CPR)
    Destination Clock Delay (DCD):    4.786ns = ( 14.786 - 10.000 ) 
    Source Clock Delay      (SCD):    5.083ns
    Clock Pessimism Removal (CPR):    0.275ns
  Clock Uncertainty:      0.035ns  ((TSJ^2 + TIJ^2)^1/2 + DJ) / 2 + PE
    Total System Jitter     (TSJ):    0.071ns
    Total Input Jitter      (TIJ):    0.000ns
    Discrete Jitter          (DJ):    0.000ns
    Phase Error              (PE):    0.000ns

    Location             Delay type                Incr(ns)  Path(ns)    Netlist Resource(s)
  -------------------------------------------------------------------    -------------------
                         (clock sys_clk_pin rise edge)
                                                      0.000     0.000 r  
    W5                                                0.000     0.000 r  clk (IN)
                         net (fo=0)                   0.000     0.000    clk
    W5                   IBUF (Prop_ibuf_I_O)         1.458     1.458 r  clk_IBUF_inst/O
                         net (fo=1, routed)           1.967     3.425    clk_IBUF
    BUFGCTRL_X0Y1        BUFG (Prop_bufg_I_O)         0.096     3.521 r  clk_IBUF_BUFG_inst/O
                         net (fo=66, routed)          1.562     5.083    clk_25MHz_inst/clk_IBUF_BUFG
    SLICE_X38Y38         FDRE                                         r  clk_25MHz_inst/count_reg[11]/C
  -------------------------------------------------------------------    -------------------
    SLICE_X38Y38         FDRE (Prop_fdre_C_Q)         0.518     5.601 f  clk_25MHz_inst/count_reg[11]/Q
                         net (fo=2, routed)           1.101     6.703    clk_25MHz_inst/count_reg[11]
    SLICE_X39Y38         LUT6 (Prop_lut6_I1_O)        0.124     6.827 r  clk_25MHz_inst/count[0]_i_7/O
                         net (fo=1, routed)           0.640     7.466    clk_25MHz_inst/count[0]_i_7_n_0
    SLICE_X39Y40         LUT3 (Prop_lut3_I0_O)        0.124     7.590 r  clk_25MHz_inst/count[0]_i_4/O
                         net (fo=2, routed)           0.310     7.900    clk_25MHz_inst/count[0]_i_4_n_0
    SLICE_X39Y39         LUT5 (Prop_lut5_I3_O)        0.124     8.024 r  clk_25MHz_inst/count[0]_i_1/O
                         net (fo=32, routed)          1.039     9.063    clk_25MHz_inst/clear
    SLICE_X38Y43         FDRE                                         r  clk_25MHz_inst/count_reg[29]/R
  -------------------------------------------------------------------    -------------------

                         (clock sys_clk_pin rise edge)
                                                     10.000    10.000 r  
    W5                                                0.000    10.000 r  clk (IN)
                         net (fo=0)                   0.000    10.000    clk
    W5                   IBUF (Prop_ibuf_I_O)         1.388    11.388 r  clk_IBUF_inst/O
                         net (fo=1, routed)           1.862    13.250    clk_IBUF
    BUFGCTRL_X0Y1        BUFG (Prop_bufg_I_O)         0.091    13.341 r  clk_IBUF_BUFG_inst/O
                         net (fo=66, routed)          1.445    14.786    clk_25MHz_inst/clk_IBUF_BUFG
    SLICE_X38Y43         FDRE                                         r  clk_25MHz_inst/count_reg[29]/C
                         clock pessimism              0.275    15.061    
                         clock uncertainty           -0.035    15.026    
    SLICE_X38Y43         FDRE (Setup_fdre_C_R)       -0.524    14.502    clk_25MHz_inst/count_reg[29]
  -------------------------------------------------------------------
                         required time                         14.502    
                         arrival time                          -9.063    
  -------------------------------------------------------------------
                         slack                                  5.439    

Slack (MET) :             5.439ns  (required time - arrival time)
  Source:                 clk_25MHz_inst/count_reg[11]/C
                            (rising edge-triggered cell FDRE clocked by sys_clk_pin  {rise@0.000ns fall@5.000ns period=10.000ns})
  Destination:            clk_25MHz_inst/count_reg[30]/R
                            (rising edge-triggered cell FDRE clocked by sys_clk_pin  {rise@0.000ns fall@5.000ns period=10.000ns})
  Path Group:             sys_clk_pin
  Path Type:              Setup (Max at Slow Process Corner)
  Requirement:            10.000ns  (sys_clk_pin rise@10.000ns - sys_clk_pin rise@0.000ns)
  Data Path Delay:        3.980ns  (logic 0.890ns (22.363%)  route 3.090ns (77.637%))
  Logic Levels:           3  (LUT3=1 LUT5=1 LUT6=1)
  Clock Path Skew:        -0.022ns (DCD - SCD + CPR)
    Destination Clock Delay (DCD):    4.786ns = ( 14.786 - 10.000 ) 
    Source Clock Delay      (SCD):    5.083ns
    Clock Pessimism Removal (CPR):    0.275ns
  Clock Uncertainty:      0.035ns  ((TSJ^2 + TIJ^2)^1/2 + DJ) / 2 + PE
    Total System Jitter     (TSJ):    0.071ns
    Total Input Jitter      (TIJ):    0.000ns
    Discrete Jitter          (DJ):    0.000ns
    Phase Error              (PE):    0.000ns

    Location             Delay type                Incr(ns)  Path(ns)    Netlist Resource(s)
  -------------------------------------------------------------------    -------------------
                         (clock sys_clk_pin rise edge)
                                                      0.000     0.000 r  
    W5                                                0.000     0.000 r  clk (IN)
                         net (fo=0)                   0.000     0.000    clk
    W5                   IBUF (Prop_ibuf_I_O)         1.458     1.458 r  clk_IBUF_inst/O
                         net (fo=1, routed)           1.967     3.425    clk_IBUF
    BUFGCTRL_X0Y1        BUFG (Prop_bufg_I_O)         0.096     3.521 r  clk_IBUF_BUFG_inst/O
                         net (fo=66, routed)          1.562     5.083    clk_25MHz_inst/clk_IBUF_BUFG
    SLICE_X38Y38         FDRE                                         r  clk_25MHz_inst/count_reg[11]/C
  -------------------------------------------------------------------    -------------------
    SLICE_X38Y38         FDRE (Prop_fdre_C_Q)         0.518     5.601 f  clk_25MHz_inst/count_reg[11]/Q
                         net (fo=2, routed)           1.101     6.703    clk_25MHz_inst/count_reg[11]
    SLICE_X39Y38         LUT6 (Prop_lut6_I1_O)        0.124     6.827 r  clk_25MHz_inst/count[0]_i_7/O
                         net (fo=1, routed)           0.640     7.466    clk_25MHz_inst/count[0]_i_7_n_0
    SLICE_X39Y40         LUT3 (Prop_lut3_I0_O)        0.124     7.590 r  clk_25MHz_inst/count[0]_i_4/O
                         net (fo=2, routed)           0.310     7.900    clk_25MHz_inst/count[0]_i_4_n_0
    SLICE_X39Y39         LUT5 (Prop_lut5_I3_O)        0.124     8.024 r  clk_25MHz_inst/count[0]_i_1/O
                         net (fo=32, routed)          1.039     9.063    clk_25MHz_inst/clear
    SLICE_X38Y43         FDRE                                         r  clk_25MHz_inst/count_reg[30]/R
  -------------------------------------------------------------------    -------------------

                         (clock sys_clk_pin rise edge)
                                                     10.000    10.000 r  
    W5                                                0.000    10.000 r  clk (IN)
                         net (fo=0)                   0.000    10.000    clk
    W5                   IBUF (Prop_ibuf_I_O)         1.388    11.388 r  clk_IBUF_inst/O
                         net (fo=1, routed)           1.862    13.250    clk_IBUF
    BUFGCTRL_X0Y1        BUFG (Prop_bufg_I_O)         0.091    13.341 r  clk_IBUF_BUFG_inst/O
                         net (fo=66, routed)          1.445    14.786    clk_25MHz_inst/clk_IBUF_BUFG
    SLICE_X38Y43         FDRE                                         r  clk_25MHz_inst/count_reg[30]/C
                         clock pessimism              0.275    15.061    
                         clock uncertainty           -0.035    15.026    
    SLICE_X38Y43         FDRE (Setup_fdre_C_R)       -0.524    14.502    clk_25MHz_inst/count_reg[30]
  -------------------------------------------------------------------
                         required time                         14.502    
                         arrival time                          -9.063    
  -------------------------------------------------------------------
                         slack                                  5.439    

Slack (MET) :             5.439ns  (required time - arrival time)
  Source:                 clk_25MHz_inst/count_reg[11]/C
                            (rising edge-triggered cell FDRE clocked by sys_clk_pin  {rise@0.000ns fall@5.000ns period=10.000ns})
  Destination:            clk_25MHz_inst/count_reg[31]/R
                            (rising edge-triggered cell FDRE clocked by sys_clk_pin  {rise@0.000ns fall@5.000ns period=10.000ns})
  Path Group:             sys_clk_pin
  Path Type:              Setup (Max at Slow Process Corner)
  Requirement:            10.000ns  (sys_clk_pin rise@10.000ns - sys_clk_pin rise@0.000ns)
  Data Path Delay:        3.980ns  (logic 0.890ns (22.363%)  route 3.090ns (77.637%))
  Logic Levels:           3  (LUT3=1 LUT5=1 LUT6=1)
  Clock Path Skew:        -0.022ns (DCD - SCD + CPR)
    Destination Clock Delay (DCD):    4.786ns = ( 14.786 - 10.000 ) 
    Source Clock Delay      (SCD):    5.083ns
    Clock Pessimism Removal (CPR):    0.275ns
  Clock Uncertainty:      0.035ns  ((TSJ^2 + TIJ^2)^1/2 + DJ) / 2 + PE
    Total System Jitter     (TSJ):    0.071ns
    Total Input Jitter      (TIJ):    0.000ns
    Discrete Jitter          (DJ):    0.000ns
    Phase Error              (PE):    0.000ns

    Location             Delay type                Incr(ns)  Path(ns)    Netlist Resource(s)
  -------------------------------------------------------------------    -------------------
                         (clock sys_clk_pin rise edge)
                                                      0.000     0.000 r  
    W5                                                0.000     0.000 r  clk (IN)
                         net (fo=0)                   0.000     0.000    clk
    W5                   IBUF (Prop_ibuf_I_O)         1.458     1.458 r  clk_IBUF_inst/O
                         net (fo=1, routed)           1.967     3.425    clk_IBUF
    BUFGCTRL_X0Y1        BUFG (Prop_bufg_I_O)         0.096     3.521 r  clk_IBUF_BUFG_inst/O
                         net (fo=66, routed)          1.562     5.083    clk_25MHz_inst/clk_IBUF_BUFG
    SLICE_X38Y38         FDRE                                         r  clk_25MHz_inst/count_reg[11]/C
  -------------------------------------------------------------------    -------------------
    SLICE_X38Y38         FDRE (Prop_fdre_C_Q)         0.518     5.601 f  clk_25MHz_inst/count_reg[11]/Q
                         net (fo=2, routed)           1.101     6.703    clk_25MHz_inst/count_reg[11]
    SLICE_X39Y38         LUT6 (Prop_lut6_I1_O)        0.124     6.827 r  clk_25MHz_inst/count[0]_i_7/O
                         net (fo=1, routed)           0.640     7.466    clk_25MHz_inst/count[0]_i_7_n_0
    SLICE_X39Y40         LUT3 (Prop_lut3_I0_O)        0.124     7.590 r  clk_25MHz_inst/count[0]_i_4/O
                         net (fo=2, routed)           0.310     7.900    clk_25MHz_inst/count[0]_i_4_n_0
    SLICE_X39Y39         LUT5 (Prop_lut5_I3_O)        0.124     8.024 r  clk_25MHz_inst/count[0]_i_1/O
                         net (fo=32, routed)          1.039     9.063    clk_25MHz_inst/clear
    SLICE_X38Y43         FDRE                                         r  clk_25MHz_inst/count_reg[31]/R
  -------------------------------------------------------------------    -------------------

                         (clock sys_clk_pin rise edge)
                                                     10.000    10.000 r  
    W5                                                0.000    10.000 r  clk (IN)
                         net (fo=0)                   0.000    10.000    clk
    W5                   IBUF (Prop_ibuf_I_O)         1.388    11.388 r  clk_IBUF_inst/O
                         net (fo=1, routed)           1.862    13.250    clk_IBUF
    BUFGCTRL_X0Y1        BUFG (Prop_bufg_I_O)         0.091    13.341 r  clk_IBUF_BUFG_inst/O
                         net (fo=66, routed)          1.445    14.786    clk_25MHz_inst/clk_IBUF_BUFG
    SLICE_X38Y43         FDRE                                         r  clk_25MHz_inst/count_reg[31]/C
                         clock pessimism              0.275    15.061    
                         clock uncertainty           -0.035    15.026    
    SLICE_X38Y43         FDRE (Setup_fdre_C_R)       -0.524    14.502    clk_25MHz_inst/count_reg[31]
  -------------------------------------------------------------------
                         required time                         14.502    
                         arrival time                          -9.063    
  -------------------------------------------------------------------
                         slack                                  5.439    

Slack (MET) :             5.576ns  (required time - arrival time)
  Source:                 clk_25MHz_inst/count_reg[11]/C
                            (rising edge-triggered cell FDRE clocked by sys_clk_pin  {rise@0.000ns fall@5.000ns period=10.000ns})
  Destination:            clk_25MHz_inst/count_reg[24]/R
                            (rising edge-triggered cell FDRE clocked by sys_clk_pin  {rise@0.000ns fall@5.000ns period=10.000ns})
  Path Group:             sys_clk_pin
  Path Type:              Setup (Max at Slow Process Corner)
  Requirement:            10.000ns  (sys_clk_pin rise@10.000ns - sys_clk_pin rise@0.000ns)
  Data Path Delay:        3.841ns  (logic 0.890ns (23.169%)  route 2.951ns (76.831%))
  Logic Levels:           3  (LUT3=1 LUT5=1 LUT6=1)
  Clock Path Skew:        -0.023ns (DCD - SCD + CPR)
    Destination Clock Delay (DCD):    4.785ns = ( 14.785 - 10.000 ) 
    Source Clock Delay      (SCD):    5.083ns
    Clock Pessimism Removal (CPR):    0.275ns
  Clock Uncertainty:      0.035ns  ((TSJ^2 + TIJ^2)^1/2 + DJ) / 2 + PE
    Total System Jitter     (TSJ):    0.071ns
    Total Input Jitter      (TIJ):    0.000ns
    Discrete Jitter          (DJ):    0.000ns
    Phase Error              (PE):    0.000ns

    Location             Delay type                Incr(ns)  Path(ns)    Netlist Resource(s)
  -------------------------------------------------------------------    -------------------
                         (clock sys_clk_pin rise edge)
                                                      0.000     0.000 r  
    W5                                                0.000     0.000 r  clk (IN)
                         net (fo=0)                   0.000     0.000    clk
    W5                   IBUF (Prop_ibuf_I_O)         1.458     1.458 r  clk_IBUF_inst/O
                         net (fo=1, routed)           1.967     3.425    clk_IBUF
    BUFGCTRL_X0Y1        BUFG (Prop_bufg_I_O)         0.096     3.521 r  clk_IBUF_BUFG_inst/O
                         net (fo=66, routed)          1.562     5.083    clk_25MHz_inst/clk_IBUF_BUFG
    SLICE_X38Y38         FDRE                                         r  clk_25MHz_inst/count_reg[11]/C
  -------------------------------------------------------------------    -------------------
    SLICE_X38Y38         FDRE (Prop_fdre_C_Q)         0.518     5.601 f  clk_25MHz_inst/count_reg[11]/Q
                         net (fo=2, routed)           1.101     6.703    clk_25MHz_inst/count_reg[11]
    SLICE_X39Y38         LUT6 (Prop_lut6_I1_O)        0.124     6.827 r  clk_25MHz_inst/count[0]_i_7/O
                         net (fo=1, routed)           0.640     7.466    clk_25MHz_inst/count[0]_i_7_n_0
    SLICE_X39Y40         LUT3 (Prop_lut3_I0_O)        0.124     7.590 r  clk_25MHz_inst/count[0]_i_4/O
                         net (fo=2, routed)           0.310     7.900    clk_25MHz_inst/count[0]_i_4_n_0
    SLICE_X39Y39         LUT5 (Prop_lut5_I3_O)        0.124     8.024 r  clk_25MHz_inst/count[0]_i_1/O
                         net (fo=32, routed)          0.900     8.925    clk_25MHz_inst/clear
    SLICE_X38Y42         FDRE                                         r  clk_25MHz_inst/count_reg[24]/R
  -------------------------------------------------------------------    -------------------

                         (clock sys_clk_pin rise edge)
                                                     10.000    10.000 r  
    W5                                                0.000    10.000 r  clk (IN)
                         net (fo=0)                   0.000    10.000    clk
    W5                   IBUF (Prop_ibuf_I_O)         1.388    11.388 r  clk_IBUF_inst/O
                         net (fo=1, routed)           1.862    13.250    clk_IBUF
    BUFGCTRL_X0Y1        BUFG (Prop_bufg_I_O)         0.091    13.341 r  clk_IBUF_BUFG_inst/O
                         net (fo=66, routed)          1.444    14.785    clk_25MHz_inst/clk_IBUF_BUFG
    SLICE_X38Y42         FDRE                                         r  clk_25MHz_inst/count_reg[24]/C
                         clock pessimism              0.275    15.060    
                         clock uncertainty           -0.035    15.025    
    SLICE_X38Y42         FDRE (Setup_fdre_C_R)       -0.524    14.501    clk_25MHz_inst/count_reg[24]
  -------------------------------------------------------------------
                         required time                         14.501    
                         arrival time                          -8.925    
  -------------------------------------------------------------------
                         slack                                  5.576    

Slack (MET) :             5.576ns  (required time - arrival time)
  Source:                 clk_25MHz_inst/count_reg[11]/C
                            (rising edge-triggered cell FDRE clocked by sys_clk_pin  {rise@0.000ns fall@5.000ns period=10.000ns})
  Destination:            clk_25MHz_inst/count_reg[25]/R
                            (rising edge-triggered cell FDRE clocked by sys_clk_pin  {rise@0.000ns fall@5.000ns period=10.000ns})
  Path Group:             sys_clk_pin
  Path Type:              Setup (Max at Slow Process Corner)
  Requirement:            10.000ns  (sys_clk_pin rise@10.000ns - sys_clk_pin rise@0.000ns)
  Data Path Delay:        3.841ns  (logic 0.890ns (23.169%)  route 2.951ns (76.831%))
  Logic Levels:           3  (LUT3=1 LUT5=1 LUT6=1)
  Clock Path Skew:        -0.023ns (DCD - SCD + CPR)
    Destination Clock Delay (DCD):    4.785ns = ( 14.785 - 10.000 ) 
    Source Clock Delay      (SCD):    5.083ns
    Clock Pessimism Removal (CPR):    0.275ns
  Clock Uncertainty:      0.035ns  ((TSJ^2 + TIJ^2)^1/2 + DJ) / 2 + PE
    Total System Jitter     (TSJ):    0.071ns
    Total Input Jitter      (TIJ):    0.000ns
    Discrete Jitter          (DJ):    0.000ns
    Phase Error              (PE):    0.000ns

    Location             Delay type                Incr(ns)  Path(ns)    Netlist Resource(s)
  -------------------------------------------------------------------    -------------------
                         (clock sys_clk_pin rise edge)
                                                      0.000     0.000 r  
    W5                                                0.000     0.000 r  clk (IN)
                         net (fo=0)                   0.000     0.000    clk
    W5                   IBUF (Prop_ibuf_I_O)         1.458     1.458 r  clk_IBUF_inst/O
                         net (fo=1, routed)           1.967     3.425    clk_IBUF
    BUFGCTRL_X0Y1        BUFG (Prop_bufg_I_O)         0.096     3.521 r  clk_IBUF_BUFG_inst/O
                         net (fo=66, routed)          1.562     5.083    clk_25MHz_inst/clk_IBUF_BUFG
    SLICE_X38Y38         FDRE                                         r  clk_25MHz_inst/count_reg[11]/C
  -------------------------------------------------------------------    -------------------
    SLICE_X38Y38         FDRE (Prop_fdre_C_Q)         0.518     5.601 f  clk_25MHz_inst/count_reg[11]/Q
                         net (fo=2, routed)           1.101     6.703    clk_25MHz_inst/count_reg[11]
    SLICE_X39Y38         LUT6 (Prop_lut6_I1_O)        0.124     6.827 r  clk_25MHz_inst/count[0]_i_7/O
                         net (fo=1, routed)           0.640     7.466    clk_25MHz_inst/count[0]_i_7_n_0
    SLICE_X39Y40         LUT3 (Prop_lut3_I0_O)        0.124     7.590 r  clk_25MHz_inst/count[0]_i_4/O
                         net (fo=2, routed)           0.310     7.900    clk_25MHz_inst/count[0]_i_4_n_0
    SLICE_X39Y39         LUT5 (Prop_lut5_I3_O)        0.124     8.024 r  clk_25MHz_inst/count[0]_i_1/O
                         net (fo=32, routed)          0.900     8.925    clk_25MHz_inst/clear
    SLICE_X38Y42         FDRE                                         r  clk_25MHz_inst/count_reg[25]/R
  -------------------------------------------------------------------    -------------------

                         (clock sys_clk_pin rise edge)
                                                     10.000    10.000 r  
    W5                                                0.000    10.000 r  clk (IN)
                         net (fo=0)                   0.000    10.000    clk
    W5                   IBUF (Prop_ibuf_I_O)         1.388    11.388 r  clk_IBUF_inst/O
                         net (fo=1, routed)           1.862    13.250    clk_IBUF
    BUFGCTRL_X0Y1        BUFG (Prop_bufg_I_O)         0.091    13.341 r  clk_IBUF_BUFG_inst/O
                         net (fo=66, routed)          1.444    14.785    clk_25MHz_inst/clk_IBUF_BUFG
    SLICE_X38Y42         FDRE                                         r  clk_25MHz_inst/count_reg[25]/C
                         clock pessimism              0.275    15.060    
                         clock uncertainty           -0.035    15.025    
    SLICE_X38Y42         FDRE (Setup_fdre_C_R)       -0.524    14.501    clk_25MHz_inst/count_reg[25]
  -------------------------------------------------------------------
                         required time                         14.501    
                         arrival time                          -8.925    
  -------------------------------------------------------------------
                         slack                                  5.576    





Min Delay Paths
--------------------------------------------------------------------------------------
Slack (MET) :             0.104ns  (arrival time - required time)
  Source:                 clk_6p25MHz_inst/count_reg[27]/C
                            (rising edge-triggered cell FDRE clocked by sys_clk_pin  {rise@0.000ns fall@5.000ns period=10.000ns})
  Destination:            clk_6p25MHz_inst/count_reg[28]/D
                            (rising edge-triggered cell FDRE clocked by sys_clk_pin  {rise@0.000ns fall@5.000ns period=10.000ns})
  Path Group:             sys_clk_pin
  Path Type:              Hold (Min at Fast Process Corner)
  Requirement:            0.000ns  (sys_clk_pin rise@0.000ns - sys_clk_pin rise@0.000ns)
  Data Path Delay:        0.476ns  (logic 0.355ns (74.570%)  route 0.121ns (25.430%))
  Logic Levels:           2  (CARRY4=2)
  Clock Path Skew:        0.267ns (DCD - SCD - CPR)
    Destination Clock Delay (DCD):    1.958ns
    Source Clock Delay      (SCD):    1.447ns
    Clock Pessimism Removal (CPR):    0.244ns

    Location             Delay type                Incr(ns)  Path(ns)    Netlist Resource(s)
  -------------------------------------------------------------------    -------------------
                         (clock sys_clk_pin rise edge)
                                                      0.000     0.000 r  
    W5                                                0.000     0.000 r  clk (IN)
                         net (fo=0)                   0.000     0.000    clk
    W5                   IBUF (Prop_ibuf_I_O)         0.226     0.226 r  clk_IBUF_inst/O
                         net (fo=1, routed)           0.631     0.858    clk_IBUF
    BUFGCTRL_X0Y1        BUFG (Prop_bufg_I_O)         0.026     0.884 r  clk_IBUF_BUFG_inst/O
                         net (fo=66, routed)          0.564     1.447    clk_6p25MHz_inst/clk_IBUF_BUFG
    SLICE_X33Y49         FDRE                                         r  clk_6p25MHz_inst/count_reg[27]/C
  -------------------------------------------------------------------    -------------------
    SLICE_X33Y49         FDRE (Prop_fdre_C_Q)         0.141     1.588 r  clk_6p25MHz_inst/count_reg[27]/Q
                         net (fo=2, routed)           0.120     1.708    clk_6p25MHz_inst/count_reg[27]
    SLICE_X33Y49         CARRY4 (Prop_carry4_S[3]_CO[3])
                                                      0.160     1.868 r  clk_6p25MHz_inst/count_reg[24]_i_1__0/CO[3]
                         net (fo=1, routed)           0.001     1.869    clk_6p25MHz_inst/count_reg[24]_i_1__0_n_0
    SLICE_X33Y50         CARRY4 (Prop_carry4_CI_O[0])
                                                      0.054     1.923 r  clk_6p25MHz_inst/count_reg[28]_i_1__0/O[0]
                         net (fo=1, routed)           0.000     1.923    clk_6p25MHz_inst/count_reg[28]_i_1__0_n_7
    SLICE_X33Y50         FDRE                                         r  clk_6p25MHz_inst/count_reg[28]/D
  -------------------------------------------------------------------    -------------------

                         (clock sys_clk_pin rise edge)
                                                      0.000     0.000 r  
    W5                                                0.000     0.000 r  clk (IN)
                         net (fo=0)                   0.000     0.000    clk
    W5                   IBUF (Prop_ibuf_I_O)         0.414     0.414 r  clk_IBUF_inst/O
                         net (fo=1, routed)           0.685     1.099    clk_IBUF
    BUFGCTRL_X0Y1        BUFG (Prop_bufg_I_O)         0.029     1.128 r  clk_IBUF_BUFG_inst/O
                         net (fo=66, routed)          0.830     1.958    clk_6p25MHz_inst/clk_IBUF_BUFG
    SLICE_X33Y50         FDRE                                         r  clk_6p25MHz_inst/count_reg[28]/C
                         clock pessimism             -0.244     1.714    
    SLICE_X33Y50         FDRE (Hold_fdre_C_D)         0.105     1.819    clk_6p25MHz_inst/count_reg[28]
  -------------------------------------------------------------------
                         required time                         -1.819    
                         arrival time                           1.923    
  -------------------------------------------------------------------
                         slack                                  0.104    

Slack (MET) :             0.115ns  (arrival time - required time)
  Source:                 clk_6p25MHz_inst/count_reg[27]/C
                            (rising edge-triggered cell FDRE clocked by sys_clk_pin  {rise@0.000ns fall@5.000ns period=10.000ns})
  Destination:            clk_6p25MHz_inst/count_reg[30]/D
                            (rising edge-triggered cell FDRE clocked by sys_clk_pin  {rise@0.000ns fall@5.000ns period=10.000ns})
  Path Group:             sys_clk_pin
  Path Type:              Hold (Min at Fast Process Corner)
  Requirement:            0.000ns  (sys_clk_pin rise@0.000ns - sys_clk_pin rise@0.000ns)
  Data Path Delay:        0.487ns  (logic 0.366ns (75.144%)  route 0.121ns (24.856%))
  Logic Levels:           2  (CARRY4=2)
  Clock Path Skew:        0.267ns (DCD - SCD - CPR)
    Destination Clock Delay (DCD):    1.958ns
    Source Clock Delay      (SCD):    1.447ns
    Clock Pessimism Removal (CPR):    0.244ns

    Location             Delay type                Incr(ns)  Path(ns)    Netlist Resource(s)
  -------------------------------------------------------------------    -------------------
                         (clock sys_clk_pin rise edge)
                                                      0.000     0.000 r  
    W5                                                0.000     0.000 r  clk (IN)
                         net (fo=0)                   0.000     0.000    clk
    W5                   IBUF (Prop_ibuf_I_O)         0.226     0.226 r  clk_IBUF_inst/O
                         net (fo=1, routed)           0.631     0.858    clk_IBUF
    BUFGCTRL_X0Y1        BUFG (Prop_bufg_I_O)         0.026     0.884 r  clk_IBUF_BUFG_inst/O
                         net (fo=66, routed)          0.564     1.447    clk_6p25MHz_inst/clk_IBUF_BUFG
    SLICE_X33Y49         FDRE                                         r  clk_6p25MHz_inst/count_reg[27]/C
  -------------------------------------------------------------------    -------------------
    SLICE_X33Y49         FDRE (Prop_fdre_C_Q)         0.141     1.588 r  clk_6p25MHz_inst/count_reg[27]/Q
                         net (fo=2, routed)           0.120     1.708    clk_6p25MHz_inst/count_reg[27]
    SLICE_X33Y49         CARRY4 (Prop_carry4_S[3]_CO[3])
                                                      0.160     1.868 r  clk_6p25MHz_inst/count_reg[24]_i_1__0/CO[3]
                         net (fo=1, routed)           0.001     1.869    clk_6p25MHz_inst/count_reg[24]_i_1__0_n_0
    SLICE_X33Y50         CARRY4 (Prop_carry4_CI_O[2])
                                                      0.065     1.934 r  clk_6p25MHz_inst/count_reg[28]_i_1__0/O[2]
                         net (fo=1, routed)           0.000     1.934    clk_6p25MHz_inst/count_reg[28]_i_1__0_n_5
    SLICE_X33Y50         FDRE                                         r  clk_6p25MHz_inst/count_reg[30]/D
  -------------------------------------------------------------------    -------------------

                         (clock sys_clk_pin rise edge)
                                                      0.000     0.000 r  
    W5                                                0.000     0.000 r  clk (IN)
                         net (fo=0)                   0.000     0.000    clk
    W5                   IBUF (Prop_ibuf_I_O)         0.414     0.414 r  clk_IBUF_inst/O
                         net (fo=1, routed)           0.685     1.099    clk_IBUF
    BUFGCTRL_X0Y1        BUFG (Prop_bufg_I_O)         0.029     1.128 r  clk_IBUF_BUFG_inst/O
                         net (fo=66, routed)          0.830     1.958    clk_6p25MHz_inst/clk_IBUF_BUFG
    SLICE_X33Y50         FDRE                                         r  clk_6p25MHz_inst/count_reg[30]/C
                         clock pessimism             -0.244     1.714    
    SLICE_X33Y50         FDRE (Hold_fdre_C_D)         0.105     1.819    clk_6p25MHz_inst/count_reg[30]
  -------------------------------------------------------------------
                         required time                         -1.819    
                         arrival time                           1.934    
  -------------------------------------------------------------------
                         slack                                  0.115    

Slack (MET) :             0.140ns  (arrival time - required time)
  Source:                 clk_6p25MHz_inst/count_reg[27]/C
                            (rising edge-triggered cell FDRE clocked by sys_clk_pin  {rise@0.000ns fall@5.000ns period=10.000ns})
  Destination:            clk_6p25MHz_inst/count_reg[29]/D
                            (rising edge-triggered cell FDRE clocked by sys_clk_pin  {rise@0.000ns fall@5.000ns period=10.000ns})
  Path Group:             sys_clk_pin
  Path Type:              Hold (Min at Fast Process Corner)
  Requirement:            0.000ns  (sys_clk_pin rise@0.000ns - sys_clk_pin rise@0.000ns)
  Data Path Delay:        0.512ns  (logic 0.391ns (76.358%)  route 0.121ns (23.642%))
  Logic Levels:           2  (CARRY4=2)
  Clock Path Skew:        0.267ns (DCD - SCD - CPR)
    Destination Clock Delay (DCD):    1.958ns
    Source Clock Delay      (SCD):    1.447ns
    Clock Pessimism Removal (CPR):    0.244ns

    Location             Delay type                Incr(ns)  Path(ns)    Netlist Resource(s)
  -------------------------------------------------------------------    -------------------
                         (clock sys_clk_pin rise edge)
                                                      0.000     0.000 r  
    W5                                                0.000     0.000 r  clk (IN)
                         net (fo=0)                   0.000     0.000    clk
    W5                   IBUF (Prop_ibuf_I_O)         0.226     0.226 r  clk_IBUF_inst/O
                         net (fo=1, routed)           0.631     0.858    clk_IBUF
    BUFGCTRL_X0Y1        BUFG (Prop_bufg_I_O)         0.026     0.884 r  clk_IBUF_BUFG_inst/O
                         net (fo=66, routed)          0.564     1.447    clk_6p25MHz_inst/clk_IBUF_BUFG
    SLICE_X33Y49         FDRE                                         r  clk_6p25MHz_inst/count_reg[27]/C
  -------------------------------------------------------------------    -------------------
    SLICE_X33Y49         FDRE (Prop_fdre_C_Q)         0.141     1.588 r  clk_6p25MHz_inst/count_reg[27]/Q
                         net (fo=2, routed)           0.120     1.708    clk_6p25MHz_inst/count_reg[27]
    SLICE_X33Y49         CARRY4 (Prop_carry4_S[3]_CO[3])
                                                      0.160     1.868 r  clk_6p25MHz_inst/count_reg[24]_i_1__0/CO[3]
                         net (fo=1, routed)           0.001     1.869    clk_6p25MHz_inst/count_reg[24]_i_1__0_n_0
    SLICE_X33Y50         CARRY4 (Prop_carry4_CI_O[1])
                                                      0.090     1.959 r  clk_6p25MHz_inst/count_reg[28]_i_1__0/O[1]
                         net (fo=1, routed)           0.000     1.959    clk_6p25MHz_inst/count_reg[28]_i_1__0_n_6
    SLICE_X33Y50         FDRE                                         r  clk_6p25MHz_inst/count_reg[29]/D
  -------------------------------------------------------------------    -------------------

                         (clock sys_clk_pin rise edge)
                                                      0.000     0.000 r  
    W5                                                0.000     0.000 r  clk (IN)
                         net (fo=0)                   0.000     0.000    clk
    W5                   IBUF (Prop_ibuf_I_O)         0.414     0.414 r  clk_IBUF_inst/O
                         net (fo=1, routed)           0.685     1.099    clk_IBUF
    BUFGCTRL_X0Y1        BUFG (Prop_bufg_I_O)         0.029     1.128 r  clk_IBUF_BUFG_inst/O
                         net (fo=66, routed)          0.830     1.958    clk_6p25MHz_inst/clk_IBUF_BUFG
    SLICE_X33Y50         FDRE                                         r  clk_6p25MHz_inst/count_reg[29]/C
                         clock pessimism             -0.244     1.714    
    SLICE_X33Y50         FDRE (Hold_fdre_C_D)         0.105     1.819    clk_6p25MHz_inst/count_reg[29]
  -------------------------------------------------------------------
                         required time                         -1.819    
                         arrival time                           1.959    
  -------------------------------------------------------------------
                         slack                                  0.140    

Slack (MET) :             0.140ns  (arrival time - required time)
  Source:                 clk_6p25MHz_inst/count_reg[27]/C
                            (rising edge-triggered cell FDRE clocked by sys_clk_pin  {rise@0.000ns fall@5.000ns period=10.000ns})
  Destination:            clk_6p25MHz_inst/count_reg[31]/D
                            (rising edge-triggered cell FDRE clocked by sys_clk_pin  {rise@0.000ns fall@5.000ns period=10.000ns})
  Path Group:             sys_clk_pin
  Path Type:              Hold (Min at Fast Process Corner)
  Requirement:            0.000ns  (sys_clk_pin rise@0.000ns - sys_clk_pin rise@0.000ns)
  Data Path Delay:        0.512ns  (logic 0.391ns (76.358%)  route 0.121ns (23.642%))
  Logic Levels:           2  (CARRY4=2)
  Clock Path Skew:        0.267ns (DCD - SCD - CPR)
    Destination Clock Delay (DCD):    1.958ns
    Source Clock Delay      (SCD):    1.447ns
    Clock Pessimism Removal (CPR):    0.244ns

    Location             Delay type                Incr(ns)  Path(ns)    Netlist Resource(s)
  -------------------------------------------------------------------    -------------------
                         (clock sys_clk_pin rise edge)
                                                      0.000     0.000 r  
    W5                                                0.000     0.000 r  clk (IN)
                         net (fo=0)                   0.000     0.000    clk
    W5                   IBUF (Prop_ibuf_I_O)         0.226     0.226 r  clk_IBUF_inst/O
                         net (fo=1, routed)           0.631     0.858    clk_IBUF
    BUFGCTRL_X0Y1        BUFG (Prop_bufg_I_O)         0.026     0.884 r  clk_IBUF_BUFG_inst/O
                         net (fo=66, routed)          0.564     1.447    clk_6p25MHz_inst/clk_IBUF_BUFG
    SLICE_X33Y49         FDRE                                         r  clk_6p25MHz_inst/count_reg[27]/C
  -------------------------------------------------------------------    -------------------
    SLICE_X33Y49         FDRE (Prop_fdre_C_Q)         0.141     1.588 r  clk_6p25MHz_inst/count_reg[27]/Q
                         net (fo=2, routed)           0.120     1.708    clk_6p25MHz_inst/count_reg[27]
    SLICE_X33Y49         CARRY4 (Prop_carry4_S[3]_CO[3])
                                                      0.160     1.868 r  clk_6p25MHz_inst/count_reg[24]_i_1__0/CO[3]
                         net (fo=1, routed)           0.001     1.869    clk_6p25MHz_inst/count_reg[24]_i_1__0_n_0
    SLICE_X33Y50         CARRY4 (Prop_carry4_CI_O[3])
                                                      0.090     1.959 r  clk_6p25MHz_inst/count_reg[28]_i_1__0/O[3]
                         net (fo=1, routed)           0.000     1.959    clk_6p25MHz_inst/count_reg[28]_i_1__0_n_4
    SLICE_X33Y50         FDRE                                         r  clk_6p25MHz_inst/count_reg[31]/D
  -------------------------------------------------------------------    -------------------

                         (clock sys_clk_pin rise edge)
                                                      0.000     0.000 r  
    W5                                                0.000     0.000 r  clk (IN)
                         net (fo=0)                   0.000     0.000    clk
    W5                   IBUF (Prop_ibuf_I_O)         0.414     0.414 r  clk_IBUF_inst/O
                         net (fo=1, routed)           0.685     1.099    clk_IBUF
    BUFGCTRL_X0Y1        BUFG (Prop_bufg_I_O)         0.029     1.128 r  clk_IBUF_BUFG_inst/O
                         net (fo=66, routed)          0.830     1.958    clk_6p25MHz_inst/clk_IBUF_BUFG
    SLICE_X33Y50         FDRE                                         r  clk_6p25MHz_inst/count_reg[31]/C
                         clock pessimism             -0.244     1.714    
    SLICE_X33Y50         FDRE (Hold_fdre_C_D)         0.105     1.819    clk_6p25MHz_inst/count_reg[31]
  -------------------------------------------------------------------
                         required time                         -1.819    
                         arrival time                           1.959    
  -------------------------------------------------------------------
                         slack                                  0.140    

Slack (MET) :             0.252ns  (arrival time - required time)
  Source:                 clk_6p25MHz_inst/count_reg[0]/C
                            (rising edge-triggered cell FDRE clocked by sys_clk_pin  {rise@0.000ns fall@5.000ns period=10.000ns})
  Destination:            clk_6p25MHz_inst/my_clock_reg/D
                            (rising edge-triggered cell FDRE clocked by sys_clk_pin  {rise@0.000ns fall@5.000ns period=10.000ns})
  Path Group:             sys_clk_pin
  Path Type:              Hold (Min at Fast Process Corner)
  Requirement:            0.000ns  (sys_clk_pin rise@0.000ns - sys_clk_pin rise@0.000ns)
  Data Path Delay:        0.359ns  (logic 0.186ns (51.824%)  route 0.173ns (48.176%))
  Logic Levels:           1  (LUT6=1)
  Clock Path Skew:        0.016ns (DCD - SCD - CPR)
    Destination Clock Delay (DCD):    1.959ns
    Source Clock Delay      (SCD):    1.446ns
    Clock Pessimism Removal (CPR):    0.497ns

    Location             Delay type                Incr(ns)  Path(ns)    Netlist Resource(s)
  -------------------------------------------------------------------    -------------------
                         (clock sys_clk_pin rise edge)
                                                      0.000     0.000 r  
    W5                                                0.000     0.000 r  clk (IN)
                         net (fo=0)                   0.000     0.000    clk
    W5                   IBUF (Prop_ibuf_I_O)         0.226     0.226 r  clk_IBUF_inst/O
                         net (fo=1, routed)           0.631     0.858    clk_IBUF
    BUFGCTRL_X0Y1        BUFG (Prop_bufg_I_O)         0.026     0.884 r  clk_IBUF_BUFG_inst/O
                         net (fo=66, routed)          0.563     1.446    clk_6p25MHz_inst/clk_IBUF_BUFG
    SLICE_X33Y43         FDRE                                         r  clk_6p25MHz_inst/count_reg[0]/C
  -------------------------------------------------------------------    -------------------
    SLICE_X33Y43         FDRE (Prop_fdre_C_Q)         0.141     1.587 r  clk_6p25MHz_inst/count_reg[0]/Q
                         net (fo=3, routed)           0.173     1.760    clk_6p25MHz_inst/count_reg[0]
    SLICE_X32Y44         LUT6 (Prop_lut6_I3_O)        0.045     1.805 r  clk_6p25MHz_inst/my_clock_i_1__0/O
                         net (fo=1, routed)           0.000     1.805    clk_6p25MHz_inst/my_clock_i_1__0_n_0
    SLICE_X32Y44         FDRE                                         r  clk_6p25MHz_inst/my_clock_reg/D
  -------------------------------------------------------------------    -------------------

                         (clock sys_clk_pin rise edge)
                                                      0.000     0.000 r  
    W5                                                0.000     0.000 r  clk (IN)
                         net (fo=0)                   0.000     0.000    clk
    W5                   IBUF (Prop_ibuf_I_O)         0.414     0.414 r  clk_IBUF_inst/O
                         net (fo=1, routed)           0.685     1.099    clk_IBUF
    BUFGCTRL_X0Y1        BUFG (Prop_bufg_I_O)         0.029     1.128 r  clk_IBUF_BUFG_inst/O
                         net (fo=66, routed)          0.832     1.959    clk_6p25MHz_inst/clk_IBUF_BUFG
    SLICE_X32Y44         FDRE                                         r  clk_6p25MHz_inst/my_clock_reg/C
                         clock pessimism             -0.497     1.462    
    SLICE_X32Y44         FDRE (Hold_fdre_C_D)         0.091     1.553    clk_6p25MHz_inst/my_clock_reg
  -------------------------------------------------------------------
                         required time                         -1.553    
                         arrival time                           1.805    
  -------------------------------------------------------------------
                         slack                                  0.252    

Slack (MET) :             0.261ns  (arrival time - required time)
  Source:                 clk_6p25MHz_inst/count_reg[11]/C
                            (rising edge-triggered cell FDRE clocked by sys_clk_pin  {rise@0.000ns fall@5.000ns period=10.000ns})
  Destination:            clk_6p25MHz_inst/count_reg[11]/D
                            (rising edge-triggered cell FDRE clocked by sys_clk_pin  {rise@0.000ns fall@5.000ns period=10.000ns})
  Path Group:             sys_clk_pin
  Path Type:              Hold (Min at Fast Process Corner)
  Requirement:            0.000ns  (sys_clk_pin rise@0.000ns - sys_clk_pin rise@0.000ns)
  Data Path Delay:        0.366ns  (logic 0.249ns (67.994%)  route 0.117ns (32.006%))
  Logic Levels:           1  (CARRY4=1)
  Clock Path Skew:        0.000ns (DCD - SCD - CPR)
    Destination Clock Delay (DCD):    1.959ns
    Source Clock Delay      (SCD):    1.446ns
    Clock Pessimism Removal (CPR):    0.513ns

    Location             Delay type                Incr(ns)  Path(ns)    Netlist Resource(s)
  -------------------------------------------------------------------    -------------------
                         (clock sys_clk_pin rise edge)
                                                      0.000     0.000 r  
    W5                                                0.000     0.000 r  clk (IN)
                         net (fo=0)                   0.000     0.000    clk
    W5                   IBUF (Prop_ibuf_I_O)         0.226     0.226 r  clk_IBUF_inst/O
                         net (fo=1, routed)           0.631     0.858    clk_IBUF
    BUFGCTRL_X0Y1        BUFG (Prop_bufg_I_O)         0.026     0.884 r  clk_IBUF_BUFG_inst/O
                         net (fo=66, routed)          0.563     1.446    clk_6p25MHz_inst/clk_IBUF_BUFG
    SLICE_X33Y45         FDRE                                         r  clk_6p25MHz_inst/count_reg[11]/C
  -------------------------------------------------------------------    -------------------
    SLICE_X33Y45         FDRE (Prop_fdre_C_Q)         0.141     1.587 r  clk_6p25MHz_inst/count_reg[11]/Q
                         net (fo=2, routed)           0.117     1.704    clk_6p25MHz_inst/count_reg[11]
    SLICE_X33Y45         CARRY4 (Prop_carry4_S[3]_O[3])
                                                      0.108     1.812 r  clk_6p25MHz_inst/count_reg[8]_i_1__0/O[3]
                         net (fo=1, routed)           0.000     1.812    clk_6p25MHz_inst/count_reg[8]_i_1__0_n_4
    SLICE_X33Y45         FDRE                                         r  clk_6p25MHz_inst/count_reg[11]/D
  -------------------------------------------------------------------    -------------------

                         (clock sys_clk_pin rise edge)
                                                      0.000     0.000 r  
    W5                                                0.000     0.000 r  clk (IN)
                         net (fo=0)                   0.000     0.000    clk
    W5                   IBUF (Prop_ibuf_I_O)         0.414     0.414 r  clk_IBUF_inst/O
                         net (fo=1, routed)           0.685     1.099    clk_IBUF
    BUFGCTRL_X0Y1        BUFG (Prop_bufg_I_O)         0.029     1.128 r  clk_IBUF_BUFG_inst/O
                         net (fo=66, routed)          0.832     1.959    clk_6p25MHz_inst/clk_IBUF_BUFG
    SLICE_X33Y45         FDRE                                         r  clk_6p25MHz_inst/count_reg[11]/C
                         clock pessimism             -0.513     1.446    
    SLICE_X33Y45         FDRE (Hold_fdre_C_D)         0.105     1.551    clk_6p25MHz_inst/count_reg[11]
  -------------------------------------------------------------------
                         required time                         -1.551    
                         arrival time                           1.812    
  -------------------------------------------------------------------
                         slack                                  0.261    

Slack (MET) :             0.261ns  (arrival time - required time)
  Source:                 clk_6p25MHz_inst/count_reg[19]/C
                            (rising edge-triggered cell FDRE clocked by sys_clk_pin  {rise@0.000ns fall@5.000ns period=10.000ns})
  Destination:            clk_6p25MHz_inst/count_reg[19]/D
                            (rising edge-triggered cell FDRE clocked by sys_clk_pin  {rise@0.000ns fall@5.000ns period=10.000ns})
  Path Group:             sys_clk_pin
  Path Type:              Hold (Min at Fast Process Corner)
  Requirement:            0.000ns  (sys_clk_pin rise@0.000ns - sys_clk_pin rise@0.000ns)
  Data Path Delay:        0.366ns  (logic 0.249ns (67.994%)  route 0.117ns (32.006%))
  Logic Levels:           1  (CARRY4=1)
  Clock Path Skew:        0.000ns (DCD - SCD - CPR)
    Destination Clock Delay (DCD):    1.960ns
    Source Clock Delay      (SCD):    1.447ns
    Clock Pessimism Removal (CPR):    0.513ns

    Location             Delay type                Incr(ns)  Path(ns)    Netlist Resource(s)
  -------------------------------------------------------------------    -------------------
                         (clock sys_clk_pin rise edge)
                                                      0.000     0.000 r  
    W5                                                0.000     0.000 r  clk (IN)
                         net (fo=0)                   0.000     0.000    clk
    W5                   IBUF (Prop_ibuf_I_O)         0.226     0.226 r  clk_IBUF_inst/O
                         net (fo=1, routed)           0.631     0.858    clk_IBUF
    BUFGCTRL_X0Y1        BUFG (Prop_bufg_I_O)         0.026     0.884 r  clk_IBUF_BUFG_inst/O
                         net (fo=66, routed)          0.564     1.447    clk_6p25MHz_inst/clk_IBUF_BUFG
    SLICE_X33Y47         FDRE                                         r  clk_6p25MHz_inst/count_reg[19]/C
  -------------------------------------------------------------------    -------------------
    SLICE_X33Y47         FDRE (Prop_fdre_C_Q)         0.141     1.588 r  clk_6p25MHz_inst/count_reg[19]/Q
                         net (fo=2, routed)           0.117     1.705    clk_6p25MHz_inst/count_reg[19]
    SLICE_X33Y47         CARRY4 (Prop_carry4_S[3]_O[3])
                                                      0.108     1.813 r  clk_6p25MHz_inst/count_reg[16]_i_1__0/O[3]
                         net (fo=1, routed)           0.000     1.813    clk_6p25MHz_inst/count_reg[16]_i_1__0_n_4
    SLICE_X33Y47         FDRE                                         r  clk_6p25MHz_inst/count_reg[19]/D
  -------------------------------------------------------------------    -------------------

                         (clock sys_clk_pin rise edge)
                                                      0.000     0.000 r  
    W5                                                0.000     0.000 r  clk (IN)
                         net (fo=0)                   0.000     0.000    clk
    W5                   IBUF (Prop_ibuf_I_O)         0.414     0.414 r  clk_IBUF_inst/O
                         net (fo=1, routed)           0.685     1.099    clk_IBUF
    BUFGCTRL_X0Y1        BUFG (Prop_bufg_I_O)         0.029     1.128 r  clk_IBUF_BUFG_inst/O
                         net (fo=66, routed)          0.833     1.960    clk_6p25MHz_inst/clk_IBUF_BUFG
    SLICE_X33Y47         FDRE                                         r  clk_6p25MHz_inst/count_reg[19]/C
                         clock pessimism             -0.513     1.447    
    SLICE_X33Y47         FDRE (Hold_fdre_C_D)         0.105     1.552    clk_6p25MHz_inst/count_reg[19]
  -------------------------------------------------------------------
                         required time                         -1.552    
                         arrival time                           1.813    
  -------------------------------------------------------------------
                         slack                                  0.261    

Slack (MET) :             0.261ns  (arrival time - required time)
  Source:                 clk_6p25MHz_inst/count_reg[23]/C
                            (rising edge-triggered cell FDRE clocked by sys_clk_pin  {rise@0.000ns fall@5.000ns period=10.000ns})
  Destination:            clk_6p25MHz_inst/count_reg[23]/D
                            (rising edge-triggered cell FDRE clocked by sys_clk_pin  {rise@0.000ns fall@5.000ns period=10.000ns})
  Path Group:             sys_clk_pin
  Path Type:              Hold (Min at Fast Process Corner)
  Requirement:            0.000ns  (sys_clk_pin rise@0.000ns - sys_clk_pin rise@0.000ns)
  Data Path Delay:        0.366ns  (logic 0.249ns (67.994%)  route 0.117ns (32.006%))
  Logic Levels:           1  (CARRY4=1)
  Clock Path Skew:        0.000ns (DCD - SCD - CPR)
    Destination Clock Delay (DCD):    1.960ns
    Source Clock Delay      (SCD):    1.447ns
    Clock Pessimism Removal (CPR):    0.513ns

    Location             Delay type                Incr(ns)  Path(ns)    Netlist Resource(s)
  -------------------------------------------------------------------    -------------------
                         (clock sys_clk_pin rise edge)
                                                      0.000     0.000 r  
    W5                                                0.000     0.000 r  clk (IN)
                         net (fo=0)                   0.000     0.000    clk
    W5                   IBUF (Prop_ibuf_I_O)         0.226     0.226 r  clk_IBUF_inst/O
                         net (fo=1, routed)           0.631     0.858    clk_IBUF
    BUFGCTRL_X0Y1        BUFG (Prop_bufg_I_O)         0.026     0.884 r  clk_IBUF_BUFG_inst/O
                         net (fo=66, routed)          0.564     1.447    clk_6p25MHz_inst/clk_IBUF_BUFG
    SLICE_X33Y48         FDRE                                         r  clk_6p25MHz_inst/count_reg[23]/C
  -------------------------------------------------------------------    -------------------
    SLICE_X33Y48         FDRE (Prop_fdre_C_Q)         0.141     1.588 r  clk_6p25MHz_inst/count_reg[23]/Q
                         net (fo=2, routed)           0.117     1.705    clk_6p25MHz_inst/count_reg[23]
    SLICE_X33Y48         CARRY4 (Prop_carry4_S[3]_O[3])
                                                      0.108     1.813 r  clk_6p25MHz_inst/count_reg[20]_i_1__0/O[3]
                         net (fo=1, routed)           0.000     1.813    clk_6p25MHz_inst/count_reg[20]_i_1__0_n_4
    SLICE_X33Y48         FDRE                                         r  clk_6p25MHz_inst/count_reg[23]/D
  -------------------------------------------------------------------    -------------------

                         (clock sys_clk_pin rise edge)
                                                      0.000     0.000 r  
    W5                                                0.000     0.000 r  clk (IN)
                         net (fo=0)                   0.000     0.000    clk
    W5                   IBUF (Prop_ibuf_I_O)         0.414     0.414 r  clk_IBUF_inst/O
                         net (fo=1, routed)           0.685     1.099    clk_IBUF
    BUFGCTRL_X0Y1        BUFG (Prop_bufg_I_O)         0.029     1.128 r  clk_IBUF_BUFG_inst/O
                         net (fo=66, routed)          0.833     1.960    clk_6p25MHz_inst/clk_IBUF_BUFG
    SLICE_X33Y48         FDRE                                         r  clk_6p25MHz_inst/count_reg[23]/C
                         clock pessimism             -0.513     1.447    
    SLICE_X33Y48         FDRE (Hold_fdre_C_D)         0.105     1.552    clk_6p25MHz_inst/count_reg[23]
  -------------------------------------------------------------------
                         required time                         -1.552    
                         arrival time                           1.813    
  -------------------------------------------------------------------
                         slack                                  0.261    

Slack (MET) :             0.263ns  (arrival time - required time)
  Source:                 clk_25MHz_inst/my_clock_reg/C
                            (rising edge-triggered cell FDRE clocked by sys_clk_pin  {rise@0.000ns fall@5.000ns period=10.000ns})
  Destination:            clk_25MHz_inst/my_clock_reg/D
                            (rising edge-triggered cell FDRE clocked by sys_clk_pin  {rise@0.000ns fall@5.000ns period=10.000ns})
  Path Group:             sys_clk_pin
  Path Type:              Hold (Min at Fast Process Corner)
  Requirement:            0.000ns  (sys_clk_pin rise@0.000ns - sys_clk_pin rise@0.000ns)
  Data Path Delay:        0.354ns  (logic 0.186ns (52.507%)  route 0.168ns (47.493%))
  Logic Levels:           1  (LUT6=1)
  Clock Path Skew:        0.000ns (DCD - SCD - CPR)
    Destination Clock Delay (DCD):    1.957ns
    Source Clock Delay      (SCD):    1.444ns
    Clock Pessimism Removal (CPR):    0.513ns

    Location             Delay type                Incr(ns)  Path(ns)    Netlist Resource(s)
  -------------------------------------------------------------------    -------------------
                         (clock sys_clk_pin rise edge)
                                                      0.000     0.000 r  
    W5                                                0.000     0.000 r  clk (IN)
                         net (fo=0)                   0.000     0.000    clk
    W5                   IBUF (Prop_ibuf_I_O)         0.226     0.226 r  clk_IBUF_inst/O
                         net (fo=1, routed)           0.631     0.858    clk_IBUF
    BUFGCTRL_X0Y1        BUFG (Prop_bufg_I_O)         0.026     0.884 r  clk_IBUF_BUFG_inst/O
                         net (fo=66, routed)          0.561     1.444    clk_25MHz_inst/clk_IBUF_BUFG
    SLICE_X39Y39         FDRE                                         r  clk_25MHz_inst/my_clock_reg/C
  -------------------------------------------------------------------    -------------------
    SLICE_X39Y39         FDRE (Prop_fdre_C_Q)         0.141     1.585 r  clk_25MHz_inst/my_clock_reg/Q
                         net (fo=4, routed)           0.168     1.753    clk_25MHz_inst/clk_25MHz
    SLICE_X39Y39         LUT6 (Prop_lut6_I5_O)        0.045     1.798 r  clk_25MHz_inst/my_clock_i_1/O
                         net (fo=1, routed)           0.000     1.798    clk_25MHz_inst/my_clock_i_1_n_0
    SLICE_X39Y39         FDRE                                         r  clk_25MHz_inst/my_clock_reg/D
  -------------------------------------------------------------------    -------------------

                         (clock sys_clk_pin rise edge)
                                                      0.000     0.000 r  
    W5                                                0.000     0.000 r  clk (IN)
                         net (fo=0)                   0.000     0.000    clk
    W5                   IBUF (Prop_ibuf_I_O)         0.414     0.414 r  clk_IBUF_inst/O
                         net (fo=1, routed)           0.685     1.099    clk_IBUF
    BUFGCTRL_X0Y1        BUFG (Prop_bufg_I_O)         0.029     1.128 r  clk_IBUF_BUFG_inst/O
                         net (fo=66, routed)          0.830     1.957    clk_25MHz_inst/clk_IBUF_BUFG
    SLICE_X39Y39         FDRE                                         r  clk_25MHz_inst/my_clock_reg/C
                         clock pessimism             -0.513     1.444    
    SLICE_X39Y39         FDRE (Hold_fdre_C_D)         0.091     1.535    clk_25MHz_inst/my_clock_reg
  -------------------------------------------------------------------
                         required time                         -1.535    
                         arrival time                           1.798    
  -------------------------------------------------------------------
                         slack                                  0.263    

Slack (MET) :             0.264ns  (arrival time - required time)
  Source:                 clk_6p25MHz_inst/count_reg[15]/C
                            (rising edge-triggered cell FDRE clocked by sys_clk_pin  {rise@0.000ns fall@5.000ns period=10.000ns})
  Destination:            clk_6p25MHz_inst/count_reg[15]/D
                            (rising edge-triggered cell FDRE clocked by sys_clk_pin  {rise@0.000ns fall@5.000ns period=10.000ns})
  Path Group:             sys_clk_pin
  Path Type:              Hold (Min at Fast Process Corner)
  Requirement:            0.000ns  (sys_clk_pin rise@0.000ns - sys_clk_pin rise@0.000ns)
  Data Path Delay:        0.369ns  (logic 0.249ns (67.424%)  route 0.120ns (32.576%))
  Logic Levels:           1  (CARRY4=1)
  Clock Path Skew:        0.000ns (DCD - SCD - CPR)
    Destination Clock Delay (DCD):    1.959ns
    Source Clock Delay      (SCD):    1.446ns
    Clock Pessimism Removal (CPR):    0.513ns

    Location             Delay type                Incr(ns)  Path(ns)    Netlist Resource(s)
  -------------------------------------------------------------------    -------------------
                         (clock sys_clk_pin rise edge)
                                                      0.000     0.000 r  
    W5                                                0.000     0.000 r  clk (IN)
                         net (fo=0)                   0.000     0.000    clk
    W5                   IBUF (Prop_ibuf_I_O)         0.226     0.226 r  clk_IBUF_inst/O
                         net (fo=1, routed)           0.631     0.858    clk_IBUF
    BUFGCTRL_X0Y1        BUFG (Prop_bufg_I_O)         0.026     0.884 r  clk_IBUF_BUFG_inst/O
                         net (fo=66, routed)          0.563     1.446    clk_6p25MHz_inst/clk_IBUF_BUFG
    SLICE_X33Y46         FDRE                                         r  clk_6p25MHz_inst/count_reg[15]/C
  -------------------------------------------------------------------    -------------------
    SLICE_X33Y46         FDRE (Prop_fdre_C_Q)         0.141     1.587 r  clk_6p25MHz_inst/count_reg[15]/Q
                         net (fo=2, routed)           0.120     1.707    clk_6p25MHz_inst/count_reg[15]
    SLICE_X33Y46         CARRY4 (Prop_carry4_S[3]_O[3])
                                                      0.108     1.815 r  clk_6p25MHz_inst/count_reg[12]_i_1__0/O[3]
                         net (fo=1, routed)           0.000     1.815    clk_6p25MHz_inst/count_reg[12]_i_1__0_n_4
    SLICE_X33Y46         FDRE                                         r  clk_6p25MHz_inst/count_reg[15]/D
  -------------------------------------------------------------------    -------------------

                         (clock sys_clk_pin rise edge)
                                                      0.000     0.000 r  
    W5                                                0.000     0.000 r  clk (IN)
                         net (fo=0)                   0.000     0.000    clk
    W5                   IBUF (Prop_ibuf_I_O)         0.414     0.414 r  clk_IBUF_inst/O
                         net (fo=1, routed)           0.685     1.099    clk_IBUF
    BUFGCTRL_X0Y1        BUFG (Prop_bufg_I_O)         0.029     1.128 r  clk_IBUF_BUFG_inst/O
                         net (fo=66, routed)          0.832     1.959    clk_6p25MHz_inst/clk_IBUF_BUFG
    SLICE_X33Y46         FDRE                                         r  clk_6p25MHz_inst/count_reg[15]/C
                         clock pessimism             -0.513     1.446    
    SLICE_X33Y46         FDRE (Hold_fdre_C_D)         0.105     1.551    clk_6p25MHz_inst/count_reg[15]
  -------------------------------------------------------------------
                         required time                         -1.551    
                         arrival time                           1.815    
  -------------------------------------------------------------------
                         slack                                  0.264    





Pulse Width Checks
--------------------------------------------------------------------------------------
Clock Name:         sys_clk_pin
Waveform(ns):       { 0.000 5.000 }
Period(ns):         10.000
Sources:            { clk }

Check Type        Corner  Lib Pin  Reference Pin  Required(ns)  Actual(ns)  Slack(ns)  Location       Pin
Min Period        n/a     BUFG/I   n/a            2.155         10.000      7.845      BUFGCTRL_X0Y1  clk_IBUF_BUFG_inst/I
Min Period        n/a     FDRE/C   n/a            1.000         10.000      9.000      SLICE_X38Y36   clk_25MHz_inst/count_reg[0]/C
Min Period        n/a     FDRE/C   n/a            1.000         10.000      9.000      SLICE_X38Y38   clk_25MHz_inst/count_reg[10]/C
Min Period        n/a     FDRE/C   n/a            1.000         10.000      9.000      SLICE_X38Y38   clk_25MHz_inst/count_reg[11]/C
Min Period        n/a     FDRE/C   n/a            1.000         10.000      9.000      SLICE_X38Y41   clk_25MHz_inst/count_reg[21]/C
Min Period        n/a     FDRE/C   n/a            1.000         10.000      9.000      SLICE_X38Y41   clk_25MHz_inst/count_reg[22]/C
Min Period        n/a     FDRE/C   n/a            1.000         10.000      9.000      SLICE_X38Y41   clk_25MHz_inst/count_reg[23]/C
Min Period        n/a     FDRE/C   n/a            1.000         10.000      9.000      SLICE_X38Y42   clk_25MHz_inst/count_reg[24]/C
Min Period        n/a     FDRE/C   n/a            1.000         10.000      9.000      SLICE_X38Y42   clk_25MHz_inst/count_reg[25]/C
Min Period        n/a     FDRE/C   n/a            1.000         10.000      9.000      SLICE_X38Y42   clk_25MHz_inst/count_reg[26]/C
Low Pulse Width   Slow    FDRE/C   n/a            0.500         5.000       4.500      SLICE_X38Y43   clk_25MHz_inst/count_reg[28]/C
Low Pulse Width   Slow    FDRE/C   n/a            0.500         5.000       4.500      SLICE_X38Y43   clk_25MHz_inst/count_reg[29]/C
Low Pulse Width   Slow    FDRE/C   n/a            0.500         5.000       4.500      SLICE_X38Y43   clk_25MHz_inst/count_reg[30]/C
Low Pulse Width   Slow    FDRE/C   n/a            0.500         5.000       4.500      SLICE_X38Y43   clk_25MHz_inst/count_reg[31]/C
Low Pulse Width   Slow    FDRE/C   n/a            0.500         5.000       4.500      SLICE_X33Y43   clk_6p25MHz_inst/count_reg[0]/C
Low Pulse Width   Slow    FDRE/C   n/a            0.500         5.000       4.500      SLICE_X33Y45   clk_6p25MHz_inst/count_reg[10]/C
Low Pulse Width   Slow    FDRE/C   n/a            0.500         5.000       4.500      SLICE_X33Y45   clk_6p25MHz_inst/count_reg[11]/C
Low Pulse Width   Slow    FDRE/C   n/a            0.500         5.000       4.500      SLICE_X33Y48   clk_6p25MHz_inst/count_reg[21]/C
Low Pulse Width   Slow    FDRE/C   n/a            0.500         5.000       4.500      SLICE_X33Y48   clk_6p25MHz_inst/count_reg[22]/C
Low Pulse Width   Slow    FDRE/C   n/a            0.500         5.000       4.500      SLICE_X33Y48   clk_6p25MHz_inst/count_reg[23]/C
High Pulse Width  Slow    FDRE/C   n/a            0.500         5.000       4.500      SLICE_X38Y36   clk_25MHz_inst/count_reg[0]/C
High Pulse Width  Slow    FDRE/C   n/a            0.500         5.000       4.500      SLICE_X38Y36   clk_25MHz_inst/count_reg[2]/C
High Pulse Width  Slow    FDRE/C   n/a            0.500         5.000       4.500      SLICE_X38Y36   clk_25MHz_inst/count_reg[3]/C
High Pulse Width  Slow    FDRE/C   n/a            0.500         5.000       4.500      SLICE_X33Y50   clk_6p25MHz_inst/count_reg[28]/C
High Pulse Width  Slow    FDRE/C   n/a            0.500         5.000       4.500      SLICE_X33Y50   clk_6p25MHz_inst/count_reg[29]/C
High Pulse Width  Slow    FDRE/C   n/a            0.500         5.000       4.500      SLICE_X33Y50   clk_6p25MHz_inst/count_reg[30]/C
High Pulse Width  Slow    FDRE/C   n/a            0.500         5.000       4.500      SLICE_X33Y50   clk_6p25MHz_inst/count_reg[31]/C
High Pulse Width  Slow    FDRE/C   n/a            0.500         5.000       4.500      SLICE_X38Y36   clk_25MHz_inst/count_reg[1]/C
High Pulse Width  Fast    FDRE/C   n/a            0.500         5.000       4.500      SLICE_X38Y36   clk_25MHz_inst/count_reg[0]/C
High Pulse Width  Slow    FDRE/C   n/a            0.500         5.000       4.500      SLICE_X38Y38   clk_25MHz_inst/count_reg[10]/C



